// Jest Snapshot v1, https://goo.gl/fbAQLP

exports[`Render CitiesList 1`] = `
<ul
  className="locations__list tabs__list"
>
  <li
    className="locations__item"
    onClick={[Function]}
  >
    <a
      className="locations__item-link tabs__item tabs__item--active"
      href="#"
    >
      <span>
        Amsterdam
      </span>
    </a>
  </li>
  <li
    className="locations__item"
    onClick={[Function]}
  >
    <a
      className="locations__item-link tabs__item"
      href="#"
    >
      <span>
        Paris
      </span>
    </a>
  </li>
</ul>
`;
